------------------------------------------------------------
Timing Analyzer Summary
------------------------------------------------------------

Type  : Slow 1100mV 85C Model Setup 'clk'
Slack : -4.037
TNS   : -4.037

Type  : Slow 1100mV 85C Model Setup 'pll:vgapll|toggle'
Slack : -3.111
TNS   : -72.153

Type  : Slow 1100mV 85C Model Hold 'pll:vgapll|toggle'
Slack : 0.530
TNS   : 0.000

Type  : Slow 1100mV 85C Model Hold 'clk'
Slack : 1.760
TNS   : 0.000

Type  : Slow 1100mV 85C Model Minimum Pulse Width 'clk'
Slack : -0.900
TNS   : -1.570

Type  : Slow 1100mV 85C Model Minimum Pulse Width 'pll:vgapll|toggle'
Slack : -0.394
TNS   : -12.428

Type  : Slow 1100mV 0C Model Setup 'clk'
Slack : -4.029
TNS   : -4.029

Type  : Slow 1100mV 0C Model Setup 'pll:vgapll|toggle'
Slack : -3.106
TNS   : -72.136

Type  : Slow 1100mV 0C Model Hold 'pll:vgapll|toggle'
Slack : 0.502
TNS   : 0.000

Type  : Slow 1100mV 0C Model Hold 'clk'
Slack : 1.800
TNS   : 0.000

Type  : Slow 1100mV 0C Model Minimum Pulse Width 'clk'
Slack : -0.898
TNS   : -1.591

Type  : Slow 1100mV 0C Model Minimum Pulse Width 'pll:vgapll|toggle'
Slack : -0.394
TNS   : -12.360

Type  : Fast 1100mV 85C Model Setup 'clk'
Slack : -3.141
TNS   : -3.141

Type  : Fast 1100mV 85C Model Setup 'pll:vgapll|toggle'
Slack : -1.477
TNS   : -32.775

Type  : Fast 1100mV 85C Model Hold 'pll:vgapll|toggle'
Slack : 0.237
TNS   : 0.000

Type  : Fast 1100mV 85C Model Hold 'clk'
Slack : 1.680
TNS   : 0.000

Type  : Fast 1100mV 85C Model Minimum Pulse Width 'clk'
Slack : -0.783
TNS   : -1.218

Type  : Fast 1100mV 85C Model Minimum Pulse Width 'pll:vgapll|toggle'
Slack : 0.141
TNS   : 0.000

Type  : Fast 1100mV 0C Model Setup 'clk'
Slack : -2.787
TNS   : -2.787

Type  : Fast 1100mV 0C Model Setup 'pll:vgapll|toggle'
Slack : -1.345
TNS   : -29.798

Type  : Fast 1100mV 0C Model Hold 'pll:vgapll|toggle'
Slack : 0.209
TNS   : 0.000

Type  : Fast 1100mV 0C Model Hold 'clk'
Slack : 1.429
TNS   : 0.000

Type  : Fast 1100mV 0C Model Minimum Pulse Width 'clk'
Slack : -0.749
TNS   : -1.158

Type  : Fast 1100mV 0C Model Minimum Pulse Width 'pll:vgapll|toggle'
Slack : 0.149
TNS   : 0.000

------------------------------------------------------------
