------------------------------------------------------------
Timing Analyzer Summary
------------------------------------------------------------

Type  : Slow 1100mV 85C Model Setup 'clk'
Slack : -3.557
TNS   : -3.557

Type  : Slow 1100mV 85C Model Setup 'vga:vga|pll:vgapll|toggle'
Slack : -3.067
TNS   : -71.366

Type  : Slow 1100mV 85C Model Hold 'vga:vga|pll:vgapll|toggle'
Slack : 0.544
TNS   : 0.000

Type  : Slow 1100mV 85C Model Hold 'clk'
Slack : 1.188
TNS   : 0.000

Type  : Slow 1100mV 85C Model Minimum Pulse Width 'clk'
Slack : -0.825
TNS   : -1.404

Type  : Slow 1100mV 85C Model Minimum Pulse Width 'vga:vga|pll:vgapll|toggle'
Slack : -0.394
TNS   : -12.545

Type  : Slow 1100mV 0C Model Setup 'clk'
Slack : -3.413
TNS   : -3.413

Type  : Slow 1100mV 0C Model Setup 'vga:vga|pll:vgapll|toggle'
Slack : -3.045
TNS   : -71.576

Type  : Slow 1100mV 0C Model Hold 'vga:vga|pll:vgapll|toggle'
Slack : 0.528
TNS   : 0.000

Type  : Slow 1100mV 0C Model Hold 'clk'
Slack : 1.198
TNS   : 0.000

Type  : Slow 1100mV 0C Model Minimum Pulse Width 'clk'
Slack : -0.826
TNS   : -1.439

Type  : Slow 1100mV 0C Model Minimum Pulse Width 'vga:vga|pll:vgapll|toggle'
Slack : -0.394
TNS   : -12.440

Type  : Fast 1100mV 85C Model Setup 'clk'
Slack : -2.889
TNS   : -2.889

Type  : Fast 1100mV 85C Model Setup 'vga:vga|pll:vgapll|toggle'
Slack : -1.319
TNS   : -30.838

Type  : Fast 1100mV 85C Model Hold 'vga:vga|pll:vgapll|toggle'
Slack : 0.244
TNS   : 0.000

Type  : Fast 1100mV 85C Model Hold 'clk'
Slack : 1.291
TNS   : 0.000

Type  : Fast 1100mV 85C Model Minimum Pulse Width 'clk'
Slack : -0.727
TNS   : -1.102

Type  : Fast 1100mV 85C Model Minimum Pulse Width 'vga:vga|pll:vgapll|toggle'
Slack : 0.129
TNS   : 0.000

Type  : Fast 1100mV 0C Model Setup 'clk'
Slack : -2.450
TNS   : -2.450

Type  : Fast 1100mV 0C Model Setup 'vga:vga|pll:vgapll|toggle'
Slack : -1.183
TNS   : -27.933

Type  : Fast 1100mV 0C Model Hold 'vga:vga|pll:vgapll|toggle'
Slack : 0.215
TNS   : 0.000

Type  : Fast 1100mV 0C Model Hold 'clk'
Slack : 1.045
TNS   : 0.000

Type  : Fast 1100mV 0C Model Minimum Pulse Width 'clk'
Slack : -0.694
TNS   : -1.046

Type  : Fast 1100mV 0C Model Minimum Pulse Width 'vga:vga|pll:vgapll|toggle'
Slack : 0.135
TNS   : 0.000

------------------------------------------------------------
