------------------------------------------------------------
Timing Analyzer Summary
------------------------------------------------------------

Type  : Slow 1100mV 85C Model Setup 'clk'
Slack : -3.210
TNS   : -3.210

Type  : Slow 1100mV 85C Model Setup 'vga:vga_inst|pll:vgapll|toggle'
Slack : -3.145
TNS   : -64.007

Type  : Slow 1100mV 85C Model Hold 'vga:vga_inst|pll:vgapll|toggle'
Slack : 0.648
TNS   : 0.000

Type  : Slow 1100mV 85C Model Hold 'clk'
Slack : 1.156
TNS   : 0.000

Type  : Slow 1100mV 85C Model Minimum Pulse Width 'clk'
Slack : -0.822
TNS   : -1.401

Type  : Slow 1100mV 85C Model Minimum Pulse Width 'vga:vga_inst|pll:vgapll|toggle'
Slack : -0.394
TNS   : -11.027

Type  : Slow 1100mV 0C Model Setup 'clk'
Slack : -3.165
TNS   : -3.165

Type  : Slow 1100mV 0C Model Setup 'vga:vga_inst|pll:vgapll|toggle'
Slack : -3.134
TNS   : -64.445

Type  : Slow 1100mV 0C Model Hold 'vga:vga_inst|pll:vgapll|toggle'
Slack : 0.615
TNS   : 0.000

Type  : Slow 1100mV 0C Model Hold 'clk'
Slack : 1.121
TNS   : 0.000

Type  : Slow 1100mV 0C Model Minimum Pulse Width 'clk'
Slack : -0.821
TNS   : -1.432

Type  : Slow 1100mV 0C Model Minimum Pulse Width 'vga:vga_inst|pll:vgapll|toggle'
Slack : -0.394
TNS   : -10.879

Type  : Fast 1100mV 85C Model Setup 'clk'
Slack : -2.586
TNS   : -2.586

Type  : Fast 1100mV 85C Model Setup 'vga:vga_inst|pll:vgapll|toggle'
Slack : -1.378
TNS   : -27.296

Type  : Fast 1100mV 85C Model Hold 'vga:vga_inst|pll:vgapll|toggle'
Slack : 0.305
TNS   : 0.000

Type  : Fast 1100mV 85C Model Hold 'clk'
Slack : 1.196
TNS   : 0.000

Type  : Fast 1100mV 85C Model Minimum Pulse Width 'clk'
Slack : -0.729
TNS   : -1.107

Type  : Fast 1100mV 85C Model Minimum Pulse Width 'vga:vga_inst|pll:vgapll|toggle'
Slack : 0.117
TNS   : 0.000

Type  : Fast 1100mV 0C Model Setup 'clk'
Slack : -2.224
TNS   : -2.224

Type  : Fast 1100mV 0C Model Setup 'vga:vga_inst|pll:vgapll|toggle'
Slack : -1.237
TNS   : -24.751

Type  : Fast 1100mV 0C Model Hold 'vga:vga_inst|pll:vgapll|toggle'
Slack : 0.267
TNS   : 0.000

Type  : Fast 1100mV 0C Model Hold 'clk'
Slack : 0.934
TNS   : 0.000

Type  : Fast 1100mV 0C Model Minimum Pulse Width 'clk'
Slack : -0.693
TNS   : -1.045

Type  : Fast 1100mV 0C Model Minimum Pulse Width 'vga:vga_inst|pll:vgapll|toggle'
Slack : 0.129
TNS   : 0.000

------------------------------------------------------------
