------------------------------------------------------------
Timing Analyzer Summary
------------------------------------------------------------

Type  : Slow 1100mV 85C Model Setup 'clk'
Slack : -3.556
TNS   : -3.556

Type  : Slow 1100mV 85C Model Setup 'vga:vga_inst|pll:vgapll|toggle'
Slack : -2.902
TNS   : -66.313

Type  : Slow 1100mV 85C Model Hold 'vga:vga_inst|pll:vgapll|toggle'
Slack : 0.665
TNS   : 0.000

Type  : Slow 1100mV 85C Model Hold 'clk'
Slack : 1.656
TNS   : 0.000

Type  : Slow 1100mV 85C Model Minimum Pulse Width 'clk'
Slack : -0.798
TNS   : -1.366

Type  : Slow 1100mV 85C Model Minimum Pulse Width 'vga:vga_inst|pll:vgapll|toggle'
Slack : -0.394
TNS   : -11.964

Type  : Slow 1100mV 0C Model Setup 'clk'
Slack : -3.471
TNS   : -3.471

Type  : Slow 1100mV 0C Model Setup 'vga:vga_inst|pll:vgapll|toggle'
Slack : -2.941
TNS   : -67.299

Type  : Slow 1100mV 0C Model Hold 'vga:vga_inst|pll:vgapll|toggle'
Slack : 0.655
TNS   : 0.000

Type  : Slow 1100mV 0C Model Hold 'clk'
Slack : 1.643
TNS   : 0.000

Type  : Slow 1100mV 0C Model Minimum Pulse Width 'clk'
Slack : -0.806
TNS   : -1.407

Type  : Slow 1100mV 0C Model Minimum Pulse Width 'vga:vga_inst|pll:vgapll|toggle'
Slack : -0.394
TNS   : -11.773

Type  : Fast 1100mV 85C Model Setup 'clk'
Slack : -2.788
TNS   : -2.788

Type  : Fast 1100mV 85C Model Setup 'vga:vga_inst|pll:vgapll|toggle'
Slack : -1.206
TNS   : -27.421

Type  : Fast 1100mV 85C Model Hold 'vga:vga_inst|pll:vgapll|toggle'
Slack : 0.341
TNS   : 0.000

Type  : Fast 1100mV 85C Model Hold 'clk'
Slack : 1.540
TNS   : 0.000

Type  : Fast 1100mV 85C Model Minimum Pulse Width 'clk'
Slack : -0.696
TNS   : -1.044

Type  : Fast 1100mV 85C Model Minimum Pulse Width 'vga:vga_inst|pll:vgapll|toggle'
Slack : 0.124
TNS   : 0.000

Type  : Fast 1100mV 0C Model Setup 'clk'
Slack : -2.420
TNS   : -2.420

Type  : Fast 1100mV 0C Model Setup 'vga:vga_inst|pll:vgapll|toggle'
Slack : -1.110
TNS   : -25.238

Type  : Fast 1100mV 0C Model Hold 'vga:vga_inst|pll:vgapll|toggle'
Slack : 0.311
TNS   : 0.000

Type  : Fast 1100mV 0C Model Hold 'clk'
Slack : 1.279
TNS   : 0.000

Type  : Fast 1100mV 0C Model Minimum Pulse Width 'clk'
Slack : -0.686
TNS   : -1.032

Type  : Fast 1100mV 0C Model Minimum Pulse Width 'vga:vga_inst|pll:vgapll|toggle'
Slack : 0.136
TNS   : 0.000

------------------------------------------------------------
